
============================================================
时间: 2026-04-28 15:38:29
调试器: cmsis-dap
目标: stm32f1x.cfg
传输: swd
速度: 1000 kHz
============================================================

[STDERR]
xPack Open On-Chip Debugger 0.12.0+dev-01850-geb6f2745b-dirty (2025-02-07-10:08)
Licensed under GNU GPL v2
For bug reports, read
	http://openocd.org/doc/doxygen/bugs.html
DEPRECATED! use 'adapter driver' not 'interface'
adapter speed: 1000 kHz
Info : Using CMSIS-DAPv2 interface with VID:PID=0x0d28:0x0202, serial=54F0DF0AF364BA8A
Info : CMSIS-DAP: SWD supported
Info : CMSIS-DAP: JTAG supported
Info : CMSIS-DAP: Atomic commands supported
Info : CMSIS-DAP: Test domain timer supported
Info : CMSIS-DAP: UART via USB COM port supported
Info : CMSIS-DAP: FW Version = 2.1.1
Info : CMSIS-DAP: Interface Initialised (SWD)
Info : SWCLK/TCK = 1 SWDIO/TMS = 1 TDI = 0 TDO = 0 nTRST = 0 nRESET = 1
Info : CMSIS-DAP: Interface ready
Info : clock speed 1000 kHz
Info : SWD DPIDR 0x1ba01477
Info : [stm32f1x.cpu] Cortex-M3 r1p1 processor detected
Info : [stm32f1x.cpu] target has 6 breakpoints, 4 watchpoints
Info : [stm32f1x.cpu] Examination succeed
Info : [stm32f1x.cpu] starting gdb server on 3333
Info : Listening on port 3333 for gdb connections
Warn : [stm32f1x.cpu] target was in unknown state when halt was requested
[stm32f1x.cpu] halted due to debug-request, current mode: Thread 
xPSR: 0x01000000 pc: 0x0800c54c msp: 0x20001410
shutdown command invoked


============================================================
时间: 2026-04-28 15:42:22
调试器: cmsis-dap
目标: stm32f1x.cfg
传输: swd
速度: 1000 kHz
============================================================

[STDERR]
xPack Open On-Chip Debugger 0.12.0+dev-01850-geb6f2745b-dirty (2025-02-07-10:08)
Licensed under GNU GPL v2
For bug reports, read
	http://openocd.org/doc/doxygen/bugs.html
DEPRECATED! use 'adapter driver' not 'interface'
adapter speed: 1000 kHz
Error: unable to find a matching CMSIS-DAP device



============================================================
时间: 2026-04-28 15:42:24
调试器: cmsis-dap
目标: stm32f1x.cfg
传输: swd
速度: 1000 kHz
============================================================

[STDERR]
xPack Open On-Chip Debugger 0.12.0+dev-01850-geb6f2745b-dirty (2025-02-07-10:08)
Licensed under GNU GPL v2
For bug reports, read
	http://openocd.org/doc/doxygen/bugs.html
DEPRECATED! use 'adapter driver' not 'interface'
adapter speed: 1000 kHz
Error: unable to find a matching CMSIS-DAP device



============================================================
时间: 2026-04-28 15:42:25
调试器: cmsis-dap
目标: stm32f1x.cfg
传输: swd
速度: 1000 kHz
============================================================

[STDERR]
xPack Open On-Chip Debugger 0.12.0+dev-01850-geb6f2745b-dirty (2025-02-07-10:08)
Licensed under GNU GPL v2
For bug reports, read
	http://openocd.org/doc/doxygen/bugs.html
DEPRECATED! use 'adapter driver' not 'interface'
adapter speed: 1000 kHz
Error: unable to find a matching CMSIS-DAP device



============================================================
时间: 2026-04-28 15:42:49
调试器: cmsis-dap
目标: stm32f1x.cfg
传输: swd
速度: 1000 kHz
============================================================

[STDERR]
xPack Open On-Chip Debugger 0.12.0+dev-01850-geb6f2745b-dirty (2025-02-07-10:08)
Licensed under GNU GPL v2
For bug reports, read
	http://openocd.org/doc/doxygen/bugs.html
DEPRECATED! use 'adapter driver' not 'interface'
adapter speed: 1000 kHz
Error: unable to find a matching CMSIS-DAP device



============================================================
时间: 2026-04-28 15:43:14
调试器: cmsis-dap
目标: stm32f1x.cfg
传输: swd
速度: 1000 kHz
============================================================

[STDERR]
xPack Open On-Chip Debugger 0.12.0+dev-01850-geb6f2745b-dirty (2025-02-07-10:08)
Licensed under GNU GPL v2
For bug reports, read
	http://openocd.org/doc/doxygen/bugs.html
DEPRECATED! use 'adapter driver' not 'interface'
adapter speed: 1000 kHz
Error: unable to find a matching CMSIS-DAP device



============================================================
时间: 2026-04-28 15:46:17
调试器: cmsis-dap
目标: stm32f1x.cfg
传输: swd
速度: 1000 kHz
============================================================

[STDERR]
xPack Open On-Chip Debugger 0.12.0+dev-01850-geb6f2745b-dirty (2025-02-07-10:08)
Licensed under GNU GPL v2
For bug reports, read
	http://openocd.org/doc/doxygen/bugs.html
DEPRECATED! use 'adapter driver' not 'interface'
adapter speed: 1000 kHz
Info : Using CMSIS-DAPv2 interface with VID:PID=0x0d28:0x0202, serial=54F0DF0AF364BA8A
Info : CMSIS-DAP: SWD supported
Info : CMSIS-DAP: JTAG supported
Info : CMSIS-DAP: Atomic commands supported
Info : CMSIS-DAP: Test domain timer supported
Info : CMSIS-DAP: UART via USB COM port supported
Info : CMSIS-DAP: FW Version = 2.1.1
Info : CMSIS-DAP: Interface Initialised (SWD)
Info : SWCLK/TCK = 1 SWDIO/TMS = 1 TDI = 0 TDO = 0 nTRST = 0 nRESET = 1
Info : CMSIS-DAP: Interface ready
Info : clock speed 1000 kHz
Info : SWD DPIDR 0x1ba01477
Info : [stm32f1x.cpu] Cortex-M3 r1p1 processor detected
Info : [stm32f1x.cpu] target has 6 breakpoints, 4 watchpoints
Info : [stm32f1x.cpu] Examination succeed
Info : [stm32f1x.cpu] starting gdb server on 3333
Info : Listening on port 3333 for gdb connections
Warn : [stm32f1x.cpu] target was in unknown state when halt was requested
0x08000000: 20001410 0800c54d 
shutdown command invoked


============================================================
时间: 2026-04-28 15:47:33
调试器: cmsis-dap
目标: stm32f1x.cfg
传输: swd
速度: 1000 kHz
============================================================

[STDERR]
xPack Open On-Chip Debugger 0.12.0+dev-01850-geb6f2745b-dirty (2025-02-07-10:08)
Licensed under GNU GPL v2
For bug reports, read
	http://openocd.org/doc/doxygen/bugs.html
DEPRECATED! use 'adapter driver' not 'interface'
adapter speed: 1000 kHz
Info : Using CMSIS-DAPv2 interface with VID:PID=0x0d28:0x0202, serial=54F0DF0AF364BA8A
Info : CMSIS-DAP: SWD supported
Info : CMSIS-DAP: JTAG supported
Info : CMSIS-DAP: Atomic commands supported
Info : CMSIS-DAP: Test domain timer supported
Info : CMSIS-DAP: UART via USB COM port supported
Info : CMSIS-DAP: FW Version = 2.1.1
Info : CMSIS-DAP: Interface Initialised (SWD)
Info : SWCLK/TCK = 1 SWDIO/TMS = 1 TDI = 0 TDO = 0 nTRST = 0 nRESET = 1
Info : CMSIS-DAP: Interface ready
Info : clock speed 1000 kHz
Info : SWD DPIDR 0x1ba01477
Info : [stm32f1x.cpu] Cortex-M3 r1p1 processor detected
Info : [stm32f1x.cpu] target has 6 breakpoints, 4 watchpoints
Info : [stm32f1x.cpu] Examination succeed
Info : [stm32f1x.cpu] starting gdb server on 3333
Info : Listening on port 3333 for gdb connections
Warn : [stm32f1x.cpu] target was in unknown state when halt was requested
0x20000000: ffffffff ffffffff ffffffff ffffffff 
shutdown command invoked


============================================================
时间: 2026-04-28 15:47:34
调试器: cmsis-dap
目标: stm32f1x.cfg
传输: swd
速度: 1000 kHz
============================================================

[STDERR]
xPack Open On-Chip Debugger 0.12.0+dev-01850-geb6f2745b-dirty (2025-02-07-10:08)
Licensed under GNU GPL v2
For bug reports, read
	http://openocd.org/doc/doxygen/bugs.html
DEPRECATED! use 'adapter driver' not 'interface'
adapter speed: 1000 kHz
Info : Using CMSIS-DAPv2 interface with VID:PID=0x0d28:0x0202, serial=54F0DF0AF364BA8A
Info : CMSIS-DAP: SWD supported
Info : CMSIS-DAP: JTAG supported
Info : CMSIS-DAP: Atomic commands supported
Info : CMSIS-DAP: Test domain timer supported
Info : CMSIS-DAP: UART via USB COM port supported
Info : CMSIS-DAP: FW Version = 2.1.1
Info : CMSIS-DAP: Interface Initialised (SWD)
Info : SWCLK/TCK = 1 SWDIO/TMS = 1 TDI = 0 TDO = 0 nTRST = 0 nRESET = 1
Info : CMSIS-DAP: Interface ready
Info : clock speed 1000 kHz
Info : SWD DPIDR 0x1ba01477
Info : [stm32f1x.cpu] Cortex-M3 r1p1 processor detected
Info : [stm32f1x.cpu] target has 6 breakpoints, 4 watchpoints
Info : [stm32f1x.cpu] Examination succeed
Info : [stm32f1x.cpu] starting gdb server on 3333
Info : Listening on port 3333 for gdb connections
Warn : [stm32f1x.cpu] target was in unknown state when halt was requested
0x20000000: ffff ffff ffff ffff ffff ffff ffff ffff 
shutdown command invoked


============================================================
时间: 2026-04-28 15:47:36
调试器: cmsis-dap
目标: stm32f1x.cfg
传输: swd
速度: 1000 kHz
============================================================

[STDERR]
xPack Open On-Chip Debugger 0.12.0+dev-01850-geb6f2745b-dirty (2025-02-07-10:08)
Licensed under GNU GPL v2
For bug reports, read
	http://openocd.org/doc/doxygen/bugs.html
DEPRECATED! use 'adapter driver' not 'interface'
adapter speed: 1000 kHz
Info : Using CMSIS-DAPv2 interface with VID:PID=0x0d28:0x0202, serial=54F0DF0AF364BA8A
Info : CMSIS-DAP: SWD supported
Info : CMSIS-DAP: JTAG supported
Info : CMSIS-DAP: Atomic commands supported
Info : CMSIS-DAP: Test domain timer supported
Info : CMSIS-DAP: UART via USB COM port supported
Info : CMSIS-DAP: FW Version = 2.1.1
Info : CMSIS-DAP: Interface Initialised (SWD)
Info : SWCLK/TCK = 1 SWDIO/TMS = 1 TDI = 0 TDO = 0 nTRST = 0 nRESET = 1
Info : CMSIS-DAP: Interface ready
Info : clock speed 1000 kHz
Info : SWD DPIDR 0x1ba01477
Info : [stm32f1x.cpu] Cortex-M3 r1p1 processor detected
Info : [stm32f1x.cpu] target has 6 breakpoints, 4 watchpoints
Info : [stm32f1x.cpu] Examination succeed
Info : [stm32f1x.cpu] starting gdb server on 3333
Info : Listening on port 3333 for gdb connections
Warn : [stm32f1x.cpu] target was in unknown state when halt was requested
0x40010800: 44 44 44 44 
shutdown command invoked


============================================================
时间: 2026-04-28 15:48:13
调试器: cmsis-dap
目标: stm32f1x.cfg
传输: swd
速度: 1000 kHz
============================================================

[STDERR]
xPack Open On-Chip Debugger 0.12.0+dev-01850-geb6f2745b-dirty (2025-02-07-10:08)
Licensed under GNU GPL v2
For bug reports, read
	http://openocd.org/doc/doxygen/bugs.html
DEPRECATED! use 'adapter driver' not 'interface'
adapter speed: 1000 kHz
Info : Using CMSIS-DAPv2 interface with VID:PID=0x0d28:0x0202, serial=54F0DF0AF364BA8A
Info : CMSIS-DAP: SWD supported
Info : CMSIS-DAP: JTAG supported
Info : CMSIS-DAP: Atomic commands supported
Info : CMSIS-DAP: Test domain timer supported
Info : CMSIS-DAP: UART via USB COM port supported
Info : CMSIS-DAP: FW Version = 2.1.1
Info : CMSIS-DAP: Interface Initialised (SWD)
Info : SWCLK/TCK = 1 SWDIO/TMS = 1 TDI = 0 TDO = 0 nTRST = 0 nRESET = 1
Info : CMSIS-DAP: Interface ready
Info : clock speed 1000 kHz
Info : SWD DPIDR 0x1ba01477
Info : [stm32f1x.cpu] Cortex-M3 r1p1 processor detected
Info : [stm32f1x.cpu] target has 6 breakpoints, 4 watchpoints
Info : [stm32f1x.cpu] Examination succeed
Info : [stm32f1x.cpu] starting gdb server on 3333
Info : Listening on port 3333 for gdb connections
Warn : [stm32f1x.cpu] target was in unknown state when halt was requested
===== arm v7m registers
(0) r0 (/32)
(1) r1 (/32)
(2) r2 (/32)
(3) r3 (/32)
(4) r4 (/32)
(5) r5 (/32)
(6) r6 (/32)
(7) r7 (/32)
(8) r8 (/32)
(9) r9 (/32)
(10) r10 (/32)
(11) r11 (/32)
(12) r12 (/32)
(13) sp (/32)
(14) lr (/32)
(15) pc (/32)
(16) xpsr (/32)
(17) msp (/32)
(18) psp (/32)
(20) primask (/1)
(21) basepri (/8)
(22) faultmask (/1)
(23) control (/3)
===== Cortex-M DWT registers
(60) dwt_ctrl (/32)
(61) dwt_cyccnt (/32)
(62) dwt_0_comp (/32)
(63) dwt_0_mask (/4)
(64) dwt_0_function (/32)
(65) dwt_1_comp (/32)
(66) dwt_1_mask (/4)
(67) dwt_1_function (/32)
(68) dwt_2_comp (/32)
(69) dwt_2_mask (/4)
(70) dwt_2_function (/32)
(71) dwt_3_comp (/32)
(72) dwt_3_mask (/4)
(73) dwt_3_function (/32)
shutdown command invoked


============================================================
时间: 2026-04-28 15:48:42
调试器: cmsis-dap
目标: stm32f1x.cfg
传输: swd
速度: 1000 kHz
============================================================

[STDERR]
xPack Open On-Chip Debugger 0.12.0+dev-01850-geb6f2745b-dirty (2025-02-07-10:08)
Licensed under GNU GPL v2
For bug reports, read
	http://openocd.org/doc/doxygen/bugs.html
DEPRECATED! use 'adapter driver' not 'interface'
adapter speed: 1000 kHz
Info : Using CMSIS-DAPv2 interface with VID:PID=0x0d28:0x0202, serial=54F0DF0AF364BA8A
Info : CMSIS-DAP: SWD supported
Info : CMSIS-DAP: JTAG supported
Info : CMSIS-DAP: Atomic commands supported
Info : CMSIS-DAP: Test domain timer supported
Info : CMSIS-DAP: UART via USB COM port supported
Info : CMSIS-DAP: FW Version = 2.1.1
Info : CMSIS-DAP: Interface Initialised (SWD)
Info : SWCLK/TCK = 1 SWDIO/TMS = 1 TDI = 0 TDO = 0 nTRST = 0 nRESET = 1
Info : CMSIS-DAP: Interface ready
Info : clock speed 1000 kHz
Info : SWD DPIDR 0x1ba01477
Info : [stm32f1x.cpu] Cortex-M3 r1p1 processor detected
Info : [stm32f1x.cpu] target has 6 breakpoints, 4 watchpoints
Info : [stm32f1x.cpu] Examination succeed
Info : [stm32f1x.cpu] starting gdb server on 3333
Info : Listening on port 3333 for gdb connections
Warn : [stm32f1x.cpu] target was in unknown state when halt was requested
0x40010800: 44444444 
shutdown command invoked


============================================================
时间: 2026-04-28 15:48:42
调试器: cmsis-dap
目标: stm32f1x.cfg
传输: swd
速度: 1000 kHz
============================================================

[STDERR]
xPack Open On-Chip Debugger 0.12.0+dev-01850-geb6f2745b-dirty (2025-02-07-10:08)
Licensed under GNU GPL v2
For bug reports, read
	http://openocd.org/doc/doxygen/bugs.html
DEPRECATED! use 'adapter driver' not 'interface'
adapter speed: 1000 kHz
Info : Using CMSIS-DAPv2 interface with VID:PID=0x0d28:0x0202, serial=54F0DF0AF364BA8A
Info : CMSIS-DAP: SWD supported
Info : CMSIS-DAP: JTAG supported
Info : CMSIS-DAP: Atomic commands supported
Info : CMSIS-DAP: Test domain timer supported
Info : CMSIS-DAP: UART via USB COM port supported
Info : CMSIS-DAP: FW Version = 2.1.1
Info : CMSIS-DAP: Interface Initialised (SWD)
Info : SWCLK/TCK = 1 SWDIO/TMS = 1 TDI = 0 TDO = 0 nTRST = 0 nRESET = 1
Info : CMSIS-DAP: Interface ready
Info : clock speed 1000 kHz
Info : SWD DPIDR 0x1ba01477
Info : [stm32f1x.cpu] Cortex-M3 r1p1 processor detected
Info : [stm32f1x.cpu] target has 6 breakpoints, 4 watchpoints
Info : [stm32f1x.cpu] Examination succeed
Info : [stm32f1x.cpu] starting gdb server on 3333
Info : Listening on port 3333 for gdb connections
Warn : [stm32f1x.cpu] target was in unknown state when halt was requested
0x40010804: 88844444 
shutdown command invoked


============================================================
时间: 2026-04-28 15:48:42
调试器: cmsis-dap
目标: stm32f1x.cfg
传输: swd
速度: 1000 kHz
============================================================

[STDERR]
xPack Open On-Chip Debugger 0.12.0+dev-01850-geb6f2745b-dirty (2025-02-07-10:08)
Licensed under GNU GPL v2
For bug reports, read
	http://openocd.org/doc/doxygen/bugs.html
DEPRECATED! use 'adapter driver' not 'interface'
adapter speed: 1000 kHz
Info : Using CMSIS-DAPv2 interface with VID:PID=0x0d28:0x0202, serial=54F0DF0AF364BA8A
Info : CMSIS-DAP: SWD supported
Info : CMSIS-DAP: JTAG supported
Info : CMSIS-DAP: Atomic commands supported
Info : CMSIS-DAP: Test domain timer supported
Info : CMSIS-DAP: UART via USB COM port supported
Info : CMSIS-DAP: FW Version = 2.1.1
Info : CMSIS-DAP: Interface Initialised (SWD)
Info : SWCLK/TCK = 1 SWDIO/TMS = 1 TDI = 0 TDO = 0 nTRST = 0 nRESET = 1
Info : CMSIS-DAP: Interface ready
Info : clock speed 1000 kHz
Info : SWD DPIDR 0x1ba01477
Info : [stm32f1x.cpu] Cortex-M3 r1p1 processor detected
Info : [stm32f1x.cpu] target has 6 breakpoints, 4 watchpoints
Info : [stm32f1x.cpu] Examination succeed
Info : [stm32f1x.cpu] starting gdb server on 3333
Info : Listening on port 3333 for gdb connections
Warn : [stm32f1x.cpu] target was in unknown state when halt was requested
0x40010808: 00000000 
shutdown command invoked


============================================================
时间: 2026-04-28 15:48:42
调试器: cmsis-dap
目标: stm32f1x.cfg
传输: swd
速度: 1000 kHz
============================================================

[STDERR]
xPack Open On-Chip Debugger 0.12.0+dev-01850-geb6f2745b-dirty (2025-02-07-10:08)
Licensed under GNU GPL v2
For bug reports, read
	http://openocd.org/doc/doxygen/bugs.html
DEPRECATED! use 'adapter driver' not 'interface'
adapter speed: 1000 kHz
Info : Using CMSIS-DAPv2 interface with VID:PID=0x0d28:0x0202, serial=54F0DF0AF364BA8A
Info : CMSIS-DAP: SWD supported
Info : CMSIS-DAP: JTAG supported
Info : CMSIS-DAP: Atomic commands supported
Info : CMSIS-DAP: Test domain timer supported
Info : CMSIS-DAP: UART via USB COM port supported
Info : CMSIS-DAP: FW Version = 2.1.1
Info : CMSIS-DAP: Interface Initialised (SWD)
Info : SWCLK/TCK = 1 SWDIO/TMS = 1 TDI = 0 TDO = 0 nTRST = 0 nRESET = 1
Info : CMSIS-DAP: Interface ready
Info : clock speed 1000 kHz
Info : SWD DPIDR 0x1ba01477
Info : [stm32f1x.cpu] Cortex-M3 r1p1 processor detected
Info : [stm32f1x.cpu] target has 6 breakpoints, 4 watchpoints
Info : [stm32f1x.cpu] Examination succeed
Info : [stm32f1x.cpu] starting gdb server on 3333
Info : Listening on port 3333 for gdb connections
Warn : [stm32f1x.cpu] target was in unknown state when halt was requested
0x4001080c: 0000a000 
shutdown command invoked


============================================================
时间: 2026-04-28 15:48:42
调试器: cmsis-dap
目标: stm32f1x.cfg
传输: swd
速度: 1000 kHz
============================================================

[STDERR]
xPack Open On-Chip Debugger 0.12.0+dev-01850-geb6f2745b-dirty (2025-02-07-10:08)
Licensed under GNU GPL v2
For bug reports, read
	http://openocd.org/doc/doxygen/bugs.html
DEPRECATED! use 'adapter driver' not 'interface'
adapter speed: 1000 kHz
Info : Using CMSIS-DAPv2 interface with VID:PID=0x0d28:0x0202, serial=54F0DF0AF364BA8A
Info : CMSIS-DAP: SWD supported
Info : CMSIS-DAP: JTAG supported
Info : CMSIS-DAP: Atomic commands supported
Info : CMSIS-DAP: Test domain timer supported
Info : CMSIS-DAP: UART via USB COM port supported
Info : CMSIS-DAP: FW Version = 2.1.1
Info : CMSIS-DAP: Interface Initialised (SWD)
Info : SWCLK/TCK = 1 SWDIO/TMS = 1 TDI = 0 TDO = 0 nTRST = 0 nRESET = 1
Info : CMSIS-DAP: Interface ready
Info : clock speed 1000 kHz
Info : SWD DPIDR 0x1ba01477
Info : [stm32f1x.cpu] Cortex-M3 r1p1 processor detected
Info : [stm32f1x.cpu] target has 6 breakpoints, 4 watchpoints
Info : [stm32f1x.cpu] Examination succeed
Info : [stm32f1x.cpu] starting gdb server on 3333
Info : Listening on port 3333 for gdb connections
Warn : [stm32f1x.cpu] target was in unknown state when halt was requested
0x40010810: 00000000 
shutdown command invoked


============================================================
时间: 2026-04-28 15:48:42
调试器: cmsis-dap
目标: stm32f1x.cfg
传输: swd
速度: 1000 kHz
============================================================

[STDERR]
xPack Open On-Chip Debugger 0.12.0+dev-01850-geb6f2745b-dirty (2025-02-07-10:08)
Licensed under GNU GPL v2
For bug reports, read
	http://openocd.org/doc/doxygen/bugs.html
DEPRECATED! use 'adapter driver' not 'interface'
adapter speed: 1000 kHz
Info : Using CMSIS-DAPv2 interface with VID:PID=0x0d28:0x0202, serial=54F0DF0AF364BA8A
Info : CMSIS-DAP: SWD supported
Info : CMSIS-DAP: JTAG supported
Info : CMSIS-DAP: Atomic commands supported
Info : CMSIS-DAP: Test domain timer supported
Info : CMSIS-DAP: UART via USB COM port supported
Info : CMSIS-DAP: FW Version = 2.1.1
Info : CMSIS-DAP: Interface Initialised (SWD)
Info : SWCLK/TCK = 1 SWDIO/TMS = 1 TDI = 0 TDO = 0 nTRST = 0 nRESET = 1
Info : CMSIS-DAP: Interface ready
Info : clock speed 1000 kHz
Info : SWD DPIDR 0x1ba01477
Info : [stm32f1x.cpu] Cortex-M3 r1p1 processor detected
Info : [stm32f1x.cpu] target has 6 breakpoints, 4 watchpoints
Info : [stm32f1x.cpu] Examination succeed
Info : [stm32f1x.cpu] starting gdb server on 3333
Info : Listening on port 3333 for gdb connections
Warn : [stm32f1x.cpu] target was in unknown state when halt was requested
0x40010814: 00000000 
shutdown command invoked


============================================================
时间: 2026-04-28 15:48:42
调试器: cmsis-dap
目标: stm32f1x.cfg
传输: swd
速度: 1000 kHz
============================================================

[STDERR]
xPack Open On-Chip Debugger 0.12.0+dev-01850-geb6f2745b-dirty (2025-02-07-10:08)
Licensed under GNU GPL v2
For bug reports, read
	http://openocd.org/doc/doxygen/bugs.html
DEPRECATED! use 'adapter driver' not 'interface'
adapter speed: 1000 kHz
Info : Using CMSIS-DAPv2 interface with VID:PID=0x0d28:0x0202, serial=54F0DF0AF364BA8A
Info : CMSIS-DAP: SWD supported
Info : CMSIS-DAP: JTAG supported
Info : CMSIS-DAP: Atomic commands supported
Info : CMSIS-DAP: Test domain timer supported
Info : CMSIS-DAP: UART via USB COM port supported
Info : CMSIS-DAP: FW Version = 2.1.1
Info : CMSIS-DAP: Interface Initialised (SWD)
Info : SWCLK/TCK = 1 SWDIO/TMS = 1 TDI = 0 TDO = 0 nTRST = 0 nRESET = 1
Info : CMSIS-DAP: Interface ready
Info : clock speed 1000 kHz
Info : SWD DPIDR 0x1ba01477
Info : [stm32f1x.cpu] Cortex-M3 r1p1 processor detected
Info : [stm32f1x.cpu] target has 6 breakpoints, 4 watchpoints
Info : [stm32f1x.cpu] Examination succeed
Info : [stm32f1x.cpu] starting gdb server on 3333
Info : Listening on port 3333 for gdb connections
Warn : [stm32f1x.cpu] target was in unknown state when halt was requested
0x40010818: 00000000 
shutdown command invoked


============================================================
时间: 2026-04-28 15:48:44
调试器: cmsis-dap
目标: stm32f1x.cfg
传输: swd
速度: 1000 kHz
============================================================

[STDERR]
xPack Open On-Chip Debugger 0.12.0+dev-01850-geb6f2745b-dirty (2025-02-07-10:08)
Licensed under GNU GPL v2
For bug reports, read
	http://openocd.org/doc/doxygen/bugs.html
DEPRECATED! use 'adapter driver' not 'interface'
adapter speed: 1000 kHz
Info : Using CMSIS-DAPv2 interface with VID:PID=0x0d28:0x0202, serial=54F0DF0AF364BA8A
Info : CMSIS-DAP: SWD supported
Info : CMSIS-DAP: JTAG supported
Info : CMSIS-DAP: Atomic commands supported
Info : CMSIS-DAP: Test domain timer supported
Info : CMSIS-DAP: UART via USB COM port supported
Info : CMSIS-DAP: FW Version = 2.1.1
Info : CMSIS-DAP: Interface Initialised (SWD)
Info : SWCLK/TCK = 1 SWDIO/TMS = 1 TDI = 0 TDO = 0 nTRST = 0 nRESET = 1
Info : CMSIS-DAP: Interface ready
Info : clock speed 1000 kHz
Info : SWD DPIDR 0x1ba01477
Info : [stm32f1x.cpu] Cortex-M3 r1p1 processor detected
Info : [stm32f1x.cpu] target has 6 breakpoints, 4 watchpoints
Info : [stm32f1x.cpu] Examination succeed
Info : [stm32f1x.cpu] starting gdb server on 3333
Info : Listening on port 3333 for gdb connections
Warn : [stm32f1x.cpu] target was in unknown state when halt was requested
0x40013800: 00000000 
shutdown command invoked


============================================================
时间: 2026-04-28 15:48:44
调试器: cmsis-dap
目标: stm32f1x.cfg
传输: swd
速度: 1000 kHz
============================================================

[STDERR]
xPack Open On-Chip Debugger 0.12.0+dev-01850-geb6f2745b-dirty (2025-02-07-10:08)
Licensed under GNU GPL v2
For bug reports, read
	http://openocd.org/doc/doxygen/bugs.html
DEPRECATED! use 'adapter driver' not 'interface'
adapter speed: 1000 kHz
Info : Using CMSIS-DAPv2 interface with VID:PID=0x0d28:0x0202, serial=54F0DF0AF364BA8A
Info : CMSIS-DAP: SWD supported
Info : CMSIS-DAP: JTAG supported
Info : CMSIS-DAP: Atomic commands supported
Info : CMSIS-DAP: Test domain timer supported
Info : CMSIS-DAP: UART via USB COM port supported
Info : CMSIS-DAP: FW Version = 2.1.1
Info : CMSIS-DAP: Interface Initialised (SWD)
Info : SWCLK/TCK = 1 SWDIO/TMS = 1 TDI = 0 TDO = 0 nTRST = 0 nRESET = 1
Info : CMSIS-DAP: Interface ready
Info : clock speed 1000 kHz
Info : SWD DPIDR 0x1ba01477
Info : [stm32f1x.cpu] Cortex-M3 r1p1 processor detected
Info : [stm32f1x.cpu] target has 6 breakpoints, 4 watchpoints
Info : [stm32f1x.cpu] Examination succeed
Info : [stm32f1x.cpu] starting gdb server on 3333
Info : Listening on port 3333 for gdb connections
Warn : [stm32f1x.cpu] target was in unknown state when halt was requested
0x40013804: 00000000 
shutdown command invoked


============================================================
时间: 2026-04-28 15:48:44
调试器: cmsis-dap
目标: stm32f1x.cfg
传输: swd
速度: 1000 kHz
============================================================

[STDERR]
xPack Open On-Chip Debugger 0.12.0+dev-01850-geb6f2745b-dirty (2025-02-07-10:08)
Licensed under GNU GPL v2
For bug reports, read
	http://openocd.org/doc/doxygen/bugs.html
DEPRECATED! use 'adapter driver' not 'interface'
adapter speed: 1000 kHz
Info : Using CMSIS-DAPv2 interface with VID:PID=0x0d28:0x0202, serial=54F0DF0AF364BA8A
Info : CMSIS-DAP: SWD supported
Info : CMSIS-DAP: JTAG supported
Info : CMSIS-DAP: Atomic commands supported
Info : CMSIS-DAP: Test domain timer supported
Info : CMSIS-DAP: UART via USB COM port supported
Info : CMSIS-DAP: FW Version = 2.1.1
Info : CMSIS-DAP: Interface Initialised (SWD)
Info : SWCLK/TCK = 1 SWDIO/TMS = 1 TDI = 0 TDO = 0 nTRST = 0 nRESET = 1
Info : CMSIS-DAP: Interface ready
Info : clock speed 1000 kHz
Info : SWD DPIDR 0x1ba01477
Info : [stm32f1x.cpu] Cortex-M3 r1p1 processor detected
Info : [stm32f1x.cpu] target has 6 breakpoints, 4 watchpoints
Info : [stm32f1x.cpu] Examination succeed
Info : [stm32f1x.cpu] starting gdb server on 3333
Info : Listening on port 3333 for gdb connections
Warn : [stm32f1x.cpu] target was in unknown state when halt was requested
0x40013808: 00000000 
shutdown command invoked


============================================================
时间: 2026-04-28 15:48:44
调试器: cmsis-dap
目标: stm32f1x.cfg
传输: swd
速度: 1000 kHz
============================================================

[STDERR]
xPack Open On-Chip Debugger 0.12.0+dev-01850-geb6f2745b-dirty (2025-02-07-10:08)
Licensed under GNU GPL v2
For bug reports, read
	http://openocd.org/doc/doxygen/bugs.html
DEPRECATED! use 'adapter driver' not 'interface'
adapter speed: 1000 kHz
Info : Using CMSIS-DAPv2 interface with VID:PID=0x0d28:0x0202, serial=54F0DF0AF364BA8A
Info : CMSIS-DAP: SWD supported
Info : CMSIS-DAP: JTAG supported
Info : CMSIS-DAP: Atomic commands supported
Info : CMSIS-DAP: Test domain timer supported
Info : CMSIS-DAP: UART via USB COM port supported
Info : CMSIS-DAP: FW Version = 2.1.1
Info : CMSIS-DAP: Interface Initialised (SWD)
Info : SWCLK/TCK = 1 SWDIO/TMS = 1 TDI = 0 TDO = 0 nTRST = 0 nRESET = 1
Info : CMSIS-DAP: Interface ready
Info : clock speed 1000 kHz
Info : SWD DPIDR 0x1ba01477
Info : [stm32f1x.cpu] Cortex-M3 r1p1 processor detected
Info : [stm32f1x.cpu] target has 6 breakpoints, 4 watchpoints
Info : [stm32f1x.cpu] Examination succeed
Info : [stm32f1x.cpu] starting gdb server on 3333
Info : Listening on port 3333 for gdb connections
Warn : [stm32f1x.cpu] target was in unknown state when halt was requested
0x4001380c: 00000000 
shutdown command invoked


============================================================
时间: 2026-04-28 15:48:44
调试器: cmsis-dap
目标: stm32f1x.cfg
传输: swd
速度: 1000 kHz
============================================================

[STDERR]
xPack Open On-Chip Debugger 0.12.0+dev-01850-geb6f2745b-dirty (2025-02-07-10:08)
Licensed under GNU GPL v2
For bug reports, read
	http://openocd.org/doc/doxygen/bugs.html
DEPRECATED! use 'adapter driver' not 'interface'
adapter speed: 1000 kHz
Info : Using CMSIS-DAPv2 interface with VID:PID=0x0d28:0x0202, serial=54F0DF0AF364BA8A
Info : CMSIS-DAP: SWD supported
Info : CMSIS-DAP: JTAG supported
Info : CMSIS-DAP: Atomic commands supported
Info : CMSIS-DAP: Test domain timer supported
Info : CMSIS-DAP: UART via USB COM port supported
Info : CMSIS-DAP: FW Version = 2.1.1
Info : CMSIS-DAP: Interface Initialised (SWD)
Info : SWCLK/TCK = 1 SWDIO/TMS = 1 TDI = 0 TDO = 0 nTRST = 0 nRESET = 1
Info : CMSIS-DAP: Interface ready
Info : clock speed 1000 kHz
Info : SWD DPIDR 0x1ba01477
Info : [stm32f1x.cpu] Cortex-M3 r1p1 processor detected
Info : [stm32f1x.cpu] target has 6 breakpoints, 4 watchpoints
Info : [stm32f1x.cpu] Examination succeed
Info : [stm32f1x.cpu] starting gdb server on 3333
Info : Listening on port 3333 for gdb connections
Warn : [stm32f1x.cpu] target was in unknown state when halt was requested
0x40013810: 00000000 
shutdown command invoked


============================================================
时间: 2026-04-28 15:48:44
调试器: cmsis-dap
目标: stm32f1x.cfg
传输: swd
速度: 1000 kHz
============================================================

[STDERR]
xPack Open On-Chip Debugger 0.12.0+dev-01850-geb6f2745b-dirty (2025-02-07-10:08)
Licensed under GNU GPL v2
For bug reports, read
	http://openocd.org/doc/doxygen/bugs.html
DEPRECATED! use 'adapter driver' not 'interface'
adapter speed: 1000 kHz
Info : Using CMSIS-DAPv2 interface with VID:PID=0x0d28:0x0202, serial=54F0DF0AF364BA8A
Info : CMSIS-DAP: SWD supported
Info : CMSIS-DAP: JTAG supported
Info : CMSIS-DAP: Atomic commands supported
Info : CMSIS-DAP: Test domain timer supported
Info : CMSIS-DAP: UART via USB COM port supported
Info : CMSIS-DAP: FW Version = 2.1.1
Info : CMSIS-DAP: Interface Initialised (SWD)
Info : SWCLK/TCK = 1 SWDIO/TMS = 1 TDI = 0 TDO = 0 nTRST = 0 nRESET = 1
Info : CMSIS-DAP: Interface ready
Info : clock speed 1000 kHz
Info : SWD DPIDR 0x1ba01477
Info : [stm32f1x.cpu] Cortex-M3 r1p1 processor detected
Info : [stm32f1x.cpu] target has 6 breakpoints, 4 watchpoints
Info : [stm32f1x.cpu] Examination succeed
Info : [stm32f1x.cpu] starting gdb server on 3333
Info : Listening on port 3333 for gdb connections
Warn : [stm32f1x.cpu] target was in unknown state when halt was requested
0x40013814: 00000000 
shutdown command invoked


============================================================
时间: 2026-04-28 15:48:44
调试器: cmsis-dap
目标: stm32f1x.cfg
传输: swd
速度: 1000 kHz
============================================================

[STDERR]
xPack Open On-Chip Debugger 0.12.0+dev-01850-geb6f2745b-dirty (2025-02-07-10:08)
Licensed under GNU GPL v2
For bug reports, read
	http://openocd.org/doc/doxygen/bugs.html
DEPRECATED! use 'adapter driver' not 'interface'
adapter speed: 1000 kHz
Info : Using CMSIS-DAPv2 interface with VID:PID=0x0d28:0x0202, serial=54F0DF0AF364BA8A
Info : CMSIS-DAP: SWD supported
Info : CMSIS-DAP: JTAG supported
Info : CMSIS-DAP: Atomic commands supported
Info : CMSIS-DAP: Test domain timer supported
Info : CMSIS-DAP: UART via USB COM port supported
Info : CMSIS-DAP: FW Version = 2.1.1
Info : CMSIS-DAP: Interface Initialised (SWD)
Info : SWCLK/TCK = 1 SWDIO/TMS = 1 TDI = 0 TDO = 0 nTRST = 0 nRESET = 1
Info : CMSIS-DAP: Interface ready
Info : clock speed 1000 kHz
Info : SWD DPIDR 0x1ba01477
Info : [stm32f1x.cpu] Cortex-M3 r1p1 processor detected
Info : [stm32f1x.cpu] target has 6 breakpoints, 4 watchpoints
Info : [stm32f1x.cpu] Examination succeed
Info : [stm32f1x.cpu] starting gdb server on 3333
Info : Listening on port 3333 for gdb connections
Warn : [stm32f1x.cpu] target was in unknown state when halt was requested
0x40013818: 00000000 
shutdown command invoked


============================================================
时间: 2026-04-28 15:51:01
调试器: cmsis-dap
目标: stm32f1x.cfg
传输: swd
速度: 1000 kHz
============================================================

[STDERR]
xPack Open On-Chip Debugger 0.12.0+dev-01850-geb6f2745b-dirty (2025-02-07-10:08)
Licensed under GNU GPL v2
For bug reports, read
	http://openocd.org/doc/doxygen/bugs.html
DEPRECATED! use 'adapter driver' not 'interface'
adapter speed: 1000 kHz
Info : Using CMSIS-DAPv2 interface with VID:PID=0x0d28:0x0202, serial=54F0DF0AF364BA8A
Info : CMSIS-DAP: SWD supported
Info : CMSIS-DAP: JTAG supported
Info : CMSIS-DAP: Atomic commands supported
Info : CMSIS-DAP: Test domain timer supported
Info : CMSIS-DAP: UART via USB COM port supported
Info : CMSIS-DAP: FW Version = 2.1.1
Info : CMSIS-DAP: Interface Initialised (SWD)
Info : SWCLK/TCK = 1 SWDIO/TMS = 1 TDI = 0 TDO = 0 nTRST = 0 nRESET = 1
Info : CMSIS-DAP: Interface ready
Info : clock speed 1000 kHz
Info : SWD DPIDR 0x1ba01477
Info : [stm32f1x.cpu] Cortex-M3 r1p1 processor detected
Info : [stm32f1x.cpu] target has 6 breakpoints, 4 watchpoints
Info : [stm32f1x.cpu] Examination succeed
Info : [stm32f1x.cpu] starting gdb server on 3333
Info : Listening on port 3333 for gdb connections
Warn : [stm32f1x.cpu] target was in unknown state when halt was requested
bp [<address> [<asid>] <length> ['hw'|'hw_ctx']]
rbp 'all' | address



============================================================
时间: 2026-04-28 15:52:29
调试器: cmsis-dap
目标: stm32f1x.cfg
传输: swd
速度: 1000 kHz
============================================================

[STDERR]
xPack Open On-Chip Debugger 0.12.0+dev-01850-geb6f2745b-dirty (2025-02-07-10:08)
Licensed under GNU GPL v2
For bug reports, read
	http://openocd.org/doc/doxygen/bugs.html
DEPRECATED! use 'adapter driver' not 'interface'
adapter speed: 1000 kHz
Info : Using CMSIS-DAPv2 interface with VID:PID=0x0d28:0x0202, serial=54F0DF0AF364BA8A
Info : CMSIS-DAP: SWD supported
Info : CMSIS-DAP: JTAG supported
Info : CMSIS-DAP: Atomic commands supported
Info : CMSIS-DAP: Test domain timer supported
Info : CMSIS-DAP: UART via USB COM port supported
Info : CMSIS-DAP: FW Version = 2.1.1
Info : CMSIS-DAP: Interface Initialised (SWD)
Info : SWCLK/TCK = 1 SWDIO/TMS = 1 TDI = 0 TDO = 0 nTRST = 0 nRESET = 1
Info : CMSIS-DAP: Interface ready
Info : clock speed 1000 kHz
Info : SWD DPIDR 0x1ba01477
Info : [stm32f1x.cpu] Cortex-M3 r1p1 processor detected
Info : [stm32f1x.cpu] target has 6 breakpoints, 4 watchpoints
Info : [stm32f1x.cpu] Examination succeed
Info : [stm32f1x.cpu] starting gdb server on 3333
Info : Listening on port 3333 for gdb connections
Warn : [stm32f1x.cpu] target was in unknown state when halt was requested
shutdown command invoked


============================================================
时间: 2026-04-28 15:54:03
调试器: cmsis-dap
目标: stm32f1x.cfg
传输: swd
速度: 1000 kHz
============================================================

[STDERR]
xPack Open On-Chip Debugger 0.12.0+dev-01850-geb6f2745b-dirty (2025-02-07-10:08)
Licensed under GNU GPL v2
For bug reports, read
	http://openocd.org/doc/doxygen/bugs.html
DEPRECATED! use 'adapter driver' not 'interface'
adapter speed: 1000 kHz
Info : Using CMSIS-DAPv2 interface with VID:PID=0x0d28:0x0202, serial=54F0DF0AF364BA8A
Info : CMSIS-DAP: SWD supported
Info : CMSIS-DAP: JTAG supported
Info : CMSIS-DAP: Atomic commands supported
Info : CMSIS-DAP: Test domain timer supported
Info : CMSIS-DAP: UART via USB COM port supported
Info : CMSIS-DAP: FW Version = 2.1.1
Info : CMSIS-DAP: Interface Initialised (SWD)
Info : SWCLK/TCK = 1 SWDIO/TMS = 1 TDI = 0 TDO = 0 nTRST = 0 nRESET = 1
Info : CMSIS-DAP: Interface ready
Info : clock speed 1000 kHz
Info : SWD DPIDR 0x1ba01477
Info : [stm32f1x.cpu] Cortex-M3 r1p1 processor detected
Info : [stm32f1x.cpu] target has 6 breakpoints, 4 watchpoints
Info : [stm32f1x.cpu] Examination succeed
Info : [stm32f1x.cpu] starting gdb server on 3333
Info : Listening on port 3333 for gdb connections
Warn : [stm32f1x.cpu] target was in unknown state when halt was requested
bp [<address> [<asid>] <length> ['hw'|'hw_ctx']]
rbp 'all' | address



============================================================
时间: 2026-04-28 15:57:36
调试器: cmsis-dap
目标: stm32f1x.cfg
传输: swd
速度: 1000 kHz
============================================================

[STDERR]
xPack Open On-Chip Debugger 0.12.0+dev-01850-geb6f2745b-dirty (2025-02-07-10:08)
Licensed under GNU GPL v2
For bug reports, read
	http://openocd.org/doc/doxygen/bugs.html
DEPRECATED! use 'adapter driver' not 'interface'
adapter speed: 1000 kHz
Info : Using CMSIS-DAPv2 interface with VID:PID=0x0d28:0x0202, serial=54F0DF0AF364BA8A
Info : CMSIS-DAP: SWD supported
Info : CMSIS-DAP: JTAG supported
Info : CMSIS-DAP: Atomic commands supported
Info : CMSIS-DAP: Test domain timer supported
Info : CMSIS-DAP: UART via USB COM port supported
Info : CMSIS-DAP: FW Version = 2.1.1
Info : CMSIS-DAP: Interface Initialised (SWD)
Info : SWCLK/TCK = 1 SWDIO/TMS = 1 TDI = 0 TDO = 0 nTRST = 0 nRESET = 1
Info : CMSIS-DAP: Interface ready
Info : clock speed 1000 kHz
Info : SWD DPIDR 0x1ba01477
Info : [stm32f1x.cpu] Cortex-M3 r1p1 processor detected
Info : [stm32f1x.cpu] target has 6 breakpoints, 4 watchpoints
Info : [stm32f1x.cpu] Examination succeed
Info : [stm32f1x.cpu] starting gdb server on 3333
Info : Listening on port 3333 for gdb connections
Warn : [stm32f1x.cpu] target was in unknown state when halt was requested
shutdown command invoked


============================================================
时间: 2026-04-28 15:57:38
调试器: cmsis-dap
目标: stm32f1x.cfg
传输: swd
速度: 1000 kHz
============================================================

[STDERR]
xPack Open On-Chip Debugger 0.12.0+dev-01850-geb6f2745b-dirty (2025-02-07-10:08)
Licensed under GNU GPL v2
For bug reports, read
	http://openocd.org/doc/doxygen/bugs.html
DEPRECATED! use 'adapter driver' not 'interface'
adapter speed: 1000 kHz
Info : Using CMSIS-DAPv2 interface with VID:PID=0x0d28:0x0202, serial=54F0DF0AF364BA8A
Info : CMSIS-DAP: SWD supported
Info : CMSIS-DAP: JTAG supported
Info : CMSIS-DAP: Atomic commands supported
Info : CMSIS-DAP: Test domain timer supported
Info : CMSIS-DAP: UART via USB COM port supported
Info : CMSIS-DAP: FW Version = 2.1.1
Info : CMSIS-DAP: Interface Initialised (SWD)
Info : SWCLK/TCK = 1 SWDIO/TMS = 1 TDI = 0 TDO = 0 nTRST = 0 nRESET = 1
Info : CMSIS-DAP: Interface ready
Info : clock speed 1000 kHz
Info : SWD DPIDR 0x1ba01477
Info : [stm32f1x.cpu] Cortex-M3 r1p1 processor detected
Info : [stm32f1x.cpu] target has 6 breakpoints, 4 watchpoints
Info : [stm32f1x.cpu] Examination succeed
Info : [stm32f1x.cpu] starting gdb server on 3333
Info : Listening on port 3333 for gdb connections
Warn : [stm32f1x.cpu] target was in unknown state when halt was requested
shutdown command invoked


============================================================
时间: 2026-04-28 15:57:40
调试器: cmsis-dap
目标: stm32f1x.cfg
传输: swd
速度: 1000 kHz
============================================================

[STDERR]
xPack Open On-Chip Debugger 0.12.0+dev-01850-geb6f2745b-dirty (2025-02-07-10:08)
Licensed under GNU GPL v2
For bug reports, read
	http://openocd.org/doc/doxygen/bugs.html
DEPRECATED! use 'adapter driver' not 'interface'
adapter speed: 1000 kHz
Info : Using CMSIS-DAPv2 interface with VID:PID=0x0d28:0x0202, serial=54F0DF0AF364BA8A
Info : CMSIS-DAP: SWD supported
Info : CMSIS-DAP: JTAG supported
Info : CMSIS-DAP: Atomic commands supported
Info : CMSIS-DAP: Test domain timer supported
Info : CMSIS-DAP: UART via USB COM port supported
Info : CMSIS-DAP: FW Version = 2.1.1
Info : CMSIS-DAP: Interface Initialised (SWD)
Info : SWCLK/TCK = 1 SWDIO/TMS = 1 TDI = 0 TDO = 0 nTRST = 0 nRESET = 1
Info : CMSIS-DAP: Interface ready
Info : clock speed 1000 kHz
Info : SWD DPIDR 0x1ba01477
Info : [stm32f1x.cpu] Cortex-M3 r1p1 processor detected
Info : [stm32f1x.cpu] target has 6 breakpoints, 4 watchpoints
Info : [stm32f1x.cpu] Examination succeed
Info : [stm32f1x.cpu] starting gdb server on 3333
Info : Listening on port 3333 for gdb connections
Warn : [stm32f1x.cpu] target was in unknown state when halt was requested
shutdown command invoked


============================================================
时间: 2026-04-28 15:59:21
调试器: cmsis-dap
目标: stm32f1x.cfg
传输: swd
速度: 1000 kHz
============================================================

[STDERR]
xPack Open On-Chip Debugger 0.12.0+dev-01850-geb6f2745b-dirty (2025-02-07-10:08)
Licensed under GNU GPL v2
For bug reports, read
	http://openocd.org/doc/doxygen/bugs.html
DEPRECATED! use 'adapter driver' not 'interface'
adapter speed: 1000 kHz
Info : Using CMSIS-DAPv2 interface with VID:PID=0x0d28:0x0202, serial=54F0DF0AF364BA8A
Info : CMSIS-DAP: SWD supported
Info : CMSIS-DAP: JTAG supported
Info : CMSIS-DAP: Atomic commands supported
Info : CMSIS-DAP: Test domain timer supported
Info : CMSIS-DAP: UART via USB COM port supported
Info : CMSIS-DAP: FW Version = 2.1.1
Info : CMSIS-DAP: Interface Initialised (SWD)
Info : SWCLK/TCK = 1 SWDIO/TMS = 1 TDI = 0 TDO = 0 nTRST = 0 nRESET = 1
Info : CMSIS-DAP: Interface ready
Info : clock speed 1000 kHz
Info : SWD DPIDR 0x1ba01477
Info : [stm32f1x.cpu] Cortex-M3 r1p1 processor detected
Info : [stm32f1x.cpu] target has 6 breakpoints, 4 watchpoints
Info : [stm32f1x.cpu] Examination succeed
Info : [stm32f1x.cpu] starting gdb server on 3333
Info : Listening on port 3333 for gdb connections
Warn : [stm32f1x.cpu] target was in unknown state when halt was requested
shutdown command invoked


============================================================
时间: 2026-04-28 15:59:22
调试器: cmsis-dap
目标: stm32f1x.cfg
传输: swd
速度: 1000 kHz
============================================================

[STDERR]
xPack Open On-Chip Debugger 0.12.0+dev-01850-geb6f2745b-dirty (2025-02-07-10:08)
Licensed under GNU GPL v2
For bug reports, read
	http://openocd.org/doc/doxygen/bugs.html
DEPRECATED! use 'adapter driver' not 'interface'
adapter speed: 1000 kHz
Info : Using CMSIS-DAPv2 interface with VID:PID=0x0d28:0x0202, serial=54F0DF0AF364BA8A
Info : CMSIS-DAP: SWD supported
Info : CMSIS-DAP: JTAG supported
Info : CMSIS-DAP: Atomic commands supported
Info : CMSIS-DAP: Test domain timer supported
Info : CMSIS-DAP: UART via USB COM port supported
Info : CMSIS-DAP: FW Version = 2.1.1
Info : CMSIS-DAP: Interface Initialised (SWD)
Info : SWCLK/TCK = 1 SWDIO/TMS = 1 TDI = 0 TDO = 0 nTRST = 0 nRESET = 1
Info : CMSIS-DAP: Interface ready
Info : clock speed 1000 kHz
Info : SWD DPIDR 0x1ba01477
Info : [stm32f1x.cpu] Cortex-M3 r1p1 processor detected
Info : [stm32f1x.cpu] target has 6 breakpoints, 4 watchpoints
Info : [stm32f1x.cpu] Examination succeed
Info : [stm32f1x.cpu] starting gdb server on 3333
Info : Listening on port 3333 for gdb connections
Warn : [stm32f1x.cpu] target was in unknown state when halt was requested
===== arm v7m registers
(0) r0 (/32)
(1) r1 (/32)
(2) r2 (/32)
(3) r3 (/32)
(4) r4 (/32)
(5) r5 (/32)
(6) r6 (/32)
(7) r7 (/32)
(8) r8 (/32)
(9) r9 (/32)
(10) r10 (/32)
(11) r11 (/32)
(12) r12 (/32)
(13) sp (/32)
(14) lr (/32)
(15) pc (/32)
(16) xpsr (/32)
(17) msp (/32)
(18) psp (/32)
(20) primask (/1)
(21) basepri (/8)
(22) faultmask (/1)
(23) control (/3)
===== Cortex-M DWT registers
(60) dwt_ctrl (/32)
(61) dwt_cyccnt (/32)
(62) dwt_0_comp (/32)
(63) dwt_0_mask (/4)
(64) dwt_0_function (/32)
(65) dwt_1_comp (/32)
(66) dwt_1_mask (/4)
(67) dwt_1_function (/32)
(68) dwt_2_comp (/32)
(69) dwt_2_mask (/4)
(70) dwt_2_function (/32)
(71) dwt_3_comp (/32)
(72) dwt_3_mask (/4)
(73) dwt_3_function (/32)
shutdown command invoked


============================================================
时间: 2026-04-28 15:59:24
调试器: cmsis-dap
目标: stm32f1x.cfg
传输: swd
速度: 1000 kHz
============================================================

[STDERR]
xPack Open On-Chip Debugger 0.12.0+dev-01850-geb6f2745b-dirty (2025-02-07-10:08)
Licensed under GNU GPL v2
For bug reports, read
	http://openocd.org/doc/doxygen/bugs.html
DEPRECATED! use 'adapter driver' not 'interface'
adapter speed: 1000 kHz
Info : Using CMSIS-DAPv2 interface with VID:PID=0x0d28:0x0202, serial=54F0DF0AF364BA8A
Info : CMSIS-DAP: SWD supported
Info : CMSIS-DAP: JTAG supported
Info : CMSIS-DAP: Atomic commands supported
Info : CMSIS-DAP: Test domain timer supported
Info : CMSIS-DAP: UART via USB COM port supported
Info : CMSIS-DAP: FW Version = 2.1.1
Info : CMSIS-DAP: Interface Initialised (SWD)
Info : SWCLK/TCK = 1 SWDIO/TMS = 1 TDI = 0 TDO = 0 nTRST = 0 nRESET = 1
Info : CMSIS-DAP: Interface ready
Info : clock speed 1000 kHz
Info : SWD DPIDR 0x1ba01477
Info : [stm32f1x.cpu] Cortex-M3 r1p1 processor detected
Info : [stm32f1x.cpu] target has 6 breakpoints, 4 watchpoints
Info : [stm32f1x.cpu] Examination succeed
Info : [stm32f1x.cpu] starting gdb server on 3333
Info : Listening on port 3333 for gdb connections
Warn : [stm32f1x.cpu] target was in unknown state when halt was requested
0x08000000: 20001410 0800c54d 0800057d 0800057f 
shutdown command invoked


============================================================
时间: 2026-04-28 15:59:24
调试器: cmsis-dap
目标: stm32f1x.cfg
传输: swd
速度: 1000 kHz
============================================================

[STDERR]
xPack Open On-Chip Debugger 0.12.0+dev-01850-geb6f2745b-dirty (2025-02-07-10:08)
Licensed under GNU GPL v2
For bug reports, read
	http://openocd.org/doc/doxygen/bugs.html
DEPRECATED! use 'adapter driver' not 'interface'
adapter speed: 1000 kHz
Info : Using CMSIS-DAPv2 interface with VID:PID=0x0d28:0x0202, serial=54F0DF0AF364BA8A
Info : CMSIS-DAP: SWD supported
Info : CMSIS-DAP: JTAG supported
Info : CMSIS-DAP: Atomic commands supported
Info : CMSIS-DAP: Test domain timer supported
Info : CMSIS-DAP: UART via USB COM port supported
Info : CMSIS-DAP: FW Version = 2.1.1
Info : CMSIS-DAP: Interface Initialised (SWD)
Info : SWCLK/TCK = 1 SWDIO/TMS = 1 TDI = 0 TDO = 0 nTRST = 0 nRESET = 1
Info : CMSIS-DAP: Interface ready
Info : clock speed 1000 kHz
Info : SWD DPIDR 0x1ba01477
Info : [stm32f1x.cpu] Cortex-M3 r1p1 processor detected
Info : [stm32f1x.cpu] target has 6 breakpoints, 4 watchpoints
Info : [stm32f1x.cpu] Examination succeed
Info : [stm32f1x.cpu] starting gdb server on 3333
Info : Listening on port 3333 for gdb connections
Warn : [stm32f1x.cpu] target was in unknown state when halt was requested
0x20000000: ffffffff 044aa200 ffffffff 0000000f 
shutdown command invoked

