Clean started: Project: 'Project'
   deleting intermediate output files for target 'Project'
Clean done
Build started: Project: Project
*** Using Compiler 'V5.06 update 7 (build 960)', folder: 'D:\APP\Keil\Keil5MDK5.4\ARM\ARMCC\Bin'
Build target 'Project'
assembling startup_stm32f103xb.s...
compiling stm32f1xx_hal_msp.c...
compiling dma.c...
compiling usart.c...
compiling stm32f1xx_hal_gpio_ex.c...
compiling stm32f1xx_hal_timebase_tim.c...
compiling tim.c...
compiling gpio.c...
compiling main.c...
compiling freertos.c...
compiling stm32f1xx_it.c...
compiling stm32f1xx_hal_tim.c...
compiling stm32f1xx_hal_cortex.c...
compiling stm32f1xx_hal_pwr.c...
compiling stm32f1xx_hal_rcc.c...
compiling stm32f1xx_hal_flash_ex.c...
compiling stm32f1xx_hal_tim_ex.c...
compiling stm32f1xx_hal_rcc_ex.c...
compiling stm32f1xx_hal_flash.c...
compiling stm32f1xx_hal.c...
compiling stm32f1xx_hal_gpio.c...
compiling stm32f1xx_hal_dma.c...
compiling stm32f1xx_hal_exti.c...
compiling croutine.c...
compiling list.c...
compiling event_groups.c...
compiling heap_4.c...
compiling timers.c...
compiling stream_buffer.c...
compiling queue.c...
compiling tasks.c...
compiling port.c...
compiling cmsis_os2.c...
compiling tick.c...
..\Usr\tool\tick.h(4): warning:  #1-D: last line of file ends without a newline
  uint32_t has_pass_time(uint32_t last_time);
..\Usr\tool\tick.c(19): warning:  #1-D: last line of file ends without a newline
  }
..\Usr\tool\tick.c: 2 warnings, 0 errors
compiling stm32f1xx_hal_uart.c...
compiling stm32f1xx_hal_usart.c...
compiling system_stm32f1xx.c...
compiling bsp_dwt.c...
compiling debug_light.c...
..\Usr\tool\debug_light.h(11): warning:  #1-D: last line of file ends without a newline
  void debug_light(void);
..\Usr\tool/tick.h(4): warning:  #1-D: last line of file ends without a newline
  uint32_t has_pass_time(uint32_t last_time);
..\Usr\tool\debug_light.c(18): warning:  #1-D: last line of file ends without a newline
  }
..\Usr\tool\debug_light.c: 3 warnings, 0 errors
compiling my_log.c...
compiling memory_detection.c...
..\Usr\tool\memory_detection.h(7): warning:  #1-D: last line of file ends without a newline
  void check_memory(void);
..\Usr\tool\memory_detection.c(27): warning:  #167-D: argument of type "void (*)(void)" is incompatible with parameter of type "thread_callback"
      if (true != zThread_create(&memory_thread_os, "Memory_monitor", memory_monitor_thread,
..\Usr\tool\memory_detection.c(7): warning:  #177-D: variable "memory_thread"  was declared but never referenced
  static zThreadOS_t memory_thread;
..\Usr\tool\memory_detection.c: 3 warnings, 0 errors
compiling event.c...
..\Usr\tool/memory_detection.h(7): warning:  #1-D: last line of file ends without a newline
  void check_memory(void);
..\Usr\app\event.c(89): warning:  #186-D: pointless comparison of unsigned integer with zero
      if (msg->type < EVENT_NONE || msg->type >= EVENT_MAX) {
..\Usr\app\event.c(15): warning:  #177-D: variable "event_priority_table"  was declared but never referenced
  static event_type event_priority_table[EVENT_PRIORITY_MAX][10];  // 事件优先级表 10个事件
..\Usr\app\event.c: 3 warnings, 0 errors
compiling core.c...
..\Usr\tool/debug_light.h(11): warning:  #1-D: last line of file ends without a newline
  void debug_light(void);
..\Usr\tool/memory_detection.h(7): warning:  #1-D: last line of file ends without a newline
  void check_memory(void);
..\Usr\core.c(38): warning:  #167-D: argument of type "void (*)(char *)" is incompatible with parameter of type "event_cb"
      event_register(EVENT_LOG_PRINT, app_log);
..\Usr\core.c(73): warning:  #177-D: variable "i"  was declared but never referenced
  int i = 0;
..\Usr\core.c(10): warning:  #177-D: variable "s_str_work_queue2"  was declared but never referenced
  static const uint8_t s_str_work_queue2[] = "I am work queue2 test message";
..\Usr\core.c(11): warning:  #177-D: variable "s_str_work_timer"  was declared but never referenced
  static const uint8_t s_str_work_timer[] = "I am work timer test message";
..\Usr\core.c: 6 warnings, 0 errors
compiling work_queue.c...
..\Usr\app\work_queue.c(263): warning:  #1-D: last line of file ends without a newline
  void work_node_status_set(work_node_t *node, e_work_loop_status_t status) { node->status = status; }
..\Usr\app\work_queue.c(16): warning:  #177-D: variable "loop_table"  was declared but never referenced
  static work_node_t *loop_table[LOOP_TABLE_MAX];
..\Usr\app\work_queue.c(17): warning:  #177-D: variable "loop_table_index"  was declared but never referenced
  static uint8_t loop_table_index = 0;
..\Usr\app\work_queue.c: 3 warnings, 0 errors
compiling zthread.c...
linking...
Program Size: Code=26472 RO-data=1420 RW-data=144 ZI-data=18288  
FromELF: creating hex file...
"Project\Project.axf" - 0 Error(s), 20 Warning(s).
Build Time Elapsed:  00:00:15
